08:56:58 **** Incremental Build of configuration Debug for project running_led_r_to_l ****
make -j12 all 
arm-none-eabi-gcc "../Src/main.c" -mcpu=cortex-m4 -std=gnu11 -g3 -DDEBUG -DSTM32 -DSTM32F407G_DISC1 -DSTM32F4 -DSTM32F407VGTx -c -I../Inc -O0 -ffunction-sections -fdata-sections -Wall -fstack-usage -fcyclomatic-complexity -MMD -MP -MF"Src/main.d" -MT"Src/main.o" --specs=nano.specs -mfpu=fpv4-sp-d16 -mfloat-abi=soft -mthumb -o "Src/main.o"
arm-none-eabi-gcc -o "running_led_r_to_l.elf" @"objects.list"   -mcpu=cortex-m4 -T"C:\Users\AKSHITA DAWARE\Desktop\sunbeam\ARM_94134_Akshita\assignment3\running_led_r_to_l\STM32F407VGTX_FLASH.ld" --specs=nosys.specs -Wl,-Map="running_led_r_to_l.map" -Wl,--gc-sections -static --specs=nano.specs -mfpu=fpv4-sp-d16 -mfloat-abi=soft -mthumb -Wl,--start-group -lc -lm -Wl,--end-group
Finished building target: running_led_r_to_l.elf
 
arm-none-eabi-size  running_led_r_to_l.elf 
arm-none-eabi-objdump -h -S running_led_r_to_l.elf  > "running_led_r_to_l.list"
   text	   data	    bss	    dec	    hex	filename
   1044	      4	   1564	   2612	    a34	running_led_r_to_l.elf
Finished building: default.size.stdout
 
Finished building: running_led_r_to_l.list
 
08:57:26 **** Incremental Build of configuration Debug for project running_led_r_to_l ****
make -j12 all 
arm-none-eabi-size  running_led_r_to_l.elf 
   text	   data	    bss	    dec	    hex	filename
   1044	      4	   1564	   2612	    a34	running_led_r_to_l.elf
Finished building: default.size.stdout
 
