12:30:49 **** Build of configuration Debug for project switch_controlled_LED_using_HAL ****
make -j12 all 
arm-none-eabi-gcc "../Core/Src/main.c" -mcpu=cortex-m4 -std=gnu11 -g3 -DDEBUG -DUSE_HAL_DRIVER -DSTM32F407xx -c -I../Core/Inc -I../Drivers/STM32F4xx_HAL_Driver/Inc -I../Drivers/STM32F4xx_HAL_Driver/Inc/Legacy -I../Drivers/CMSIS/Device/ST/STM32F4xx/Include -I../Drivers/CMSIS/Include -O0 -ffunction-sections -fdata-sections -Wall -fstack-usage -fcyclomatic-complexity -MMD -MP -MF"Core/Src/main.d" -MT"Core/Src/main.o" --specs=nano.specs -mfpu=fpv4-sp-d16 -mfloat-abi=hard -mthumb -o "Core/Src/main.o"
arm-none-eabi-gcc -o "switch_controlled_LED_using_HAL.elf" @"objects.list"   -mcpu=cortex-m4 -T"C:\Users\AKSHITA DAWARE\OneDrive\Desktop\sunbeam\ARM_94134_Akshita\assignment7\switch_controlled_LED_using_HAL\STM32F407VGTX_FLASH.ld" --specs=nosys.specs -Wl,-Map="switch_controlled_LED_using_HAL.map" -Wl,--gc-sections -static --specs=nano.specs -mfpu=fpv4-sp-d16 -mfloat-abi=hard -mthumb -Wl,--start-group -lc -lm -Wl,--end-group
Finished building target: switch_controlled_LED_using_HAL.elf
 
arm-none-eabi-size  switch_controlled_LED_using_HAL.elf 
arm-none-eabi-objdump -h -S switch_controlled_LED_using_HAL.elf  > "switch_controlled_LED_using_HAL.list"
   text	   data	    bss	    dec	    hex	filename
   6024	     12	   1572	   7608	   1db8	switch_controlled_LED_using_HAL.elf
Finished building: default.size.stdout
 
Finished building: switch_controlled_LED_using_HAL.list
 
12:31:07 **** Incremental Build of configuration Debug for project switch_controlled_LED_using_HAL ****
make -j12 all 
arm-none-eabi-size  switch_controlled_LED_using_HAL.elf 
   text	   data	    bss	    dec	    hex	filename
   6024	     12	   1572	   7608	   1db8	switch_controlled_LED_using_HAL.elf
Finished building: default.size.stdout
 
